C51 COMPILER V9.54   LUNARWORD                                                             07/04/2023 12:50:35 PAGE 1   


C51 COMPILER V9.54, COMPILATION OF MODULE LUNARWORD
OBJECT MODULE PLACED IN .\Objects\lunarword.obj
COMPILER INVOKED BY: D:\keli5\C51\BIN\C51.EXE lunarword.c OPTIMIZE(9,SPEED) BROWSE DEBUG OBJECTEXTEND PRINT(.\Listings\l
                    -unarword.lst) OBJECT(.\Objects\lunarword.obj)

line level    source

   1          #include "lunarword.h"
   2          
   3          uchar code Solar[]="无  小寒大寒立春雨水惊蛰春分清明谷雨立夏小满芒种夏至小暑大暑立秋处暑白露秋分寒露霜降立
             -冬小雪大雪冬至";
   4          uchar code lunarYear[]="庚辛壬癸甲乙丙丁戊己申酉戌亥子丑寅卯辰巳午未";
   5          uchar code nong[]="正一二三四五六七八九十冬腊初廿 ";
   6          uchar code newDay[] = "一二三 四五六七八九十";


MODULE INFORMATION:   STATIC OVERLAYABLE
   CODE SIZE        =   ----    ----
   CONSTANT SIZE    =    196    ----
   XDATA SIZE       =   ----    ----
   PDATA SIZE       =   ----    ----
   DATA SIZE        =   ----    ----
   IDATA SIZE       =   ----    ----
   BIT SIZE         =   ----    ----
END OF MODULE INFORMATION.


C51 COMPILATION COMPLETE.  0 WARNING(S),  0 ERROR(S)
