C51 COMPILER V9.54   MAIN                                                                  07/04/2023 12:50:34 PAGE 1   


C51 COMPILER V9.54, COMPILATION OF MODULE MAIN
OBJECT MODULE PLACED IN .\Objects\main.obj
COMPILER INVOKED BY: D:\keli5\C51\BIN\C51.EXE main.c OPTIMIZE(9,SPEED) BROWSE DEBUG OBJECTEXTEND PRINT(.\Listings\main.l
                    -st) OBJECT(.\Objects\main.obj)

line level    source

   1          #include <reg52.h>
   2          #include "ds1302.h"
   3          #include "lcd.h"
   4          #include "dht11.h"
   5          #include "jq8900.h"
   6          #include "key.h"
   7          #include "lunar.h"
   8          #include "lunarword.h"
   9          
  10          sbit Fire = P1 ^ 1;
  11          uchar timedata[7];
  12          CLOCKTIME clockTime = {24,14};
  13          TIME currentTime;
  14          uchar UART_buff;
  15          DHT dht;
  16          uchar pmFlag=0;
  17          uchar menuFlag = 1;
  18          uchar mainFlag = 1;
  19          uchar clockFlag = 0;
  20          uchar musicFlag = 1;
  21          uchar selectSong = 1;
  22          uchar datachangeFlag = 0;
  23          uchar ClockTimeSetSelect=0;
  24          uchar weatherFlag;
  25          unsigned char keyNum, TimeSetSelect = 0;
  26          uchar lunar[2];
  27          void AlarmMode();
  28          void lunarMode();
  29          void Menu();
  30          
  31          void fireMode()
  32          {
  33   1              uchar alarmkeyNum;
  34   1              SendData(0x0a);
  35   1              SendData(6);
  36   1              SendData(0x0b);
  37   1              while(1)
  38   1              {
  39   2                      alarmkeyNum = key_scan();
  40   2                      LCD_ShowString(1,"火灾来了");
  41   2                      LCD_ShowString(2,"火灾来了");
  42   2                      LCD_ShowString(3,"火灾来了");
  43   2                      LCD_ShowString(4,"任意键取消");
  44   2                      if(alarmkeyNum != 0)
  45   2                      {
  46   3                              SendData(0x13);
  47   3                              LCD_ClearScreen();
  48   3                              clockFlag = 0;
  49   3                              break;
  50   3                      }       
  51   2              }       
  52   1      }
  53          
  54          void TimeShow()
C51 COMPILER V9.54   MAIN                                                                  07/04/2023 12:50:34 PAGE 2   

  55          {
  56   1              LCD_ShowChar(1,8," ");
  57   1              if(Fire == 0)//出现火灾
  58   1              {
  59   2                      fireMode();
  60   2              }
  61   1              if(clockFlag == 0)
  62   1              {
  63   2                      lunarMode();
  64   2              }
  65   1              LCD_ShowChar(3,1,"Tem");
  66   1              LCD_ShowNum(3, 3, dht.shidu, 2);
  67   1              LCD_ShowChar(3,5,"Hum");
  68   1              LCD_ShowNum(3, 7, dht.wendu, 2);
  69   1              read_time(timedata);
  70   1              currentTime.year = timedata[6];
  71   1              currentTime.mon = timedata[4];
  72   1              currentTime.day = timedata[3];
  73   1              currentTime.hour = timedata[2];
  74   1              currentTime.min = timedata[1];
  75   1              currentTime.sec = timedata[0];
  76   1              TimeToChar(&currentTime,pmFlag);
  77   1              LCD_ShowString(1, currentTime.date);
  78   1              LCD_ShowString(2, currentTime.times);
  79   1              if(pmFlag == 1)
  80   1              {
  81   2                      if(timedata[2] > 12) {LCD_ShowChar(2,6,"PM");}
  82   2                      else if(timedata[2] < 12) {LCD_ShowChar(2,6,"AM");}
  83   2              }       
  84   1              if(clockFlag == 1)
  85   1              {
  86   2                      LCD_ShowString(4,"闹钟：开");
  87   2                      if(currentTime.hour == clockTime.hour && currentTime.min == clockTime.min)
  88   2                      {
  89   3                              AlarmMode();
  90   3                      }
  91   2              }
  92   1      }
  93          
  94          void blueTimeChange()
  95          {       
  96   1              LCD_ShowChar(1,8,"+");
  97   1              if(clockFlag == 0)
  98   1              {
  99   2                      lunarMode();
 100   2              }
 101   1              LCD_ShowChar(3,1,"Tem");
 102   1              LCD_ShowNum(3, 3, dht.shidu, 2);
 103   1              LCD_ShowChar(3,5,"Hem");
 104   1              LCD_ShowNum(3, 7, dht.wendu, 2);
 105   1              set_time(timedata);
 106   1              read_time(timedata);
 107   1              currentTime.year = timedata[6];
 108   1              currentTime.mon = timedata[4];
 109   1              currentTime.day = timedata[3];
 110   1              currentTime.hour = timedata[2];
 111   1              currentTime.min = timedata[1];
 112   1              currentTime.sec = timedata[0];
 113   1              TimeToChar(&currentTime,pmFlag);
 114   1              LCD_ShowString(1, currentTime.date);
 115   1              LCD_ShowString(2, currentTime.times);
 116   1              if(pmFlag == 1)
C51 COMPILER V9.54   MAIN                                                                  07/04/2023 12:50:34 PAGE 3   

 117   1              {
 118   2                      if(timedata[2] > 12) {LCD_ShowChar(2,6,"PM");}
 119   2                      else if(timedata[2] < 12) {LCD_ShowChar(2,6,"AM");}
 120   2              }       
 121   1              if(clockFlag == 1)
 122   1              {
 123   2                      LCD_ShowString(4,"闹钟：开");
 124   2                      if(currentTime.hour == clockTime.hour && currentTime.min == clockTime.min)
 125   2                      {
 126   3                              AlarmMode();
 127   3                      }
 128   2              }       
 129   1      }
 130          
 131          void lunarMode()
 132          {
 133   1              uchar i,mon,day;
 134   1              unsigned char yue[]="月";
 135   1              uchar lunarChar[16] = "                ";
 136   1              uchar lunarYearIndex,dizhiIndex,jieqiIndex;;
 137   1              read_time(timedata);
 138   1              turnToLunar(&currentTime, lunar);
 139   1              mon = lunar[0];
 140   1              day = lunar[1];
 141   1              lunarYearIndex = (currentTime.year%10)*2;
 142   1              dizhiIndex = ((2000+currentTime.year)%12)*2+20;
 143   1              jieqiIndex = getSolarIndex(&currentTime)*4;
 144   1              if(lunarYearIndex==0)lunarYearIndex=22;
 145   1              for (i=0; i<2; i++)
 146   1              {
 147   2                      lunarChar[i] = lunarYear[lunarYearIndex+i-1];
 148   2                      lunarChar[i+2] = lunarYear[dizhiIndex+i-1];
 149   2                      lunarChar[i+4] = Solar[jieqiIndex+i];
 150   2                      lunarChar[i+6] = Solar[jieqiIndex+i+2];
 151   2                      lunarChar[i+4+4] = nong[2*mon+i-2];
 152   2                      lunarChar[6+4] = yue[0];
 153   2                      lunarChar[7+4] = yue[1];
 154   2              }
 155   1              if (day <= 10)
 156   1                      for (i=0; i<2; i++)
 157   1                      {
 158   2                              lunarChar[i+8+4] = nong[26+i-2];
 159   2                              lunarChar[i+10+4] = newDay[2 * (lunar[1] - 1) + i];//1-10
 160   2                      } 
 161   1              else if ((day > 10) && (day <= 19))
 162   1                      for (i=0; i<2; i++)
 163   1                      {
 164   2                              lunarChar[i+8+4] = nong[20+i-2];
 165   2                              lunarChar[i+10+4] = newDay[2 * (lunar[1] - 10 - 1) + i];//1-10
 166   2                      } 
 167   1              else
 168   1                      for (i=0; i<2; i++)
 169   1                      {
 170   2                              lunarChar[i+8+4] = nong[28+i-2];
 171   2                              lunarChar[i+10+4] = newDay[2 * (lunar[1] - 20 - 1) + i];//1-10
 172   2                      }               
 173   1              LCD_ShowString(4,lunarChar);
 174   1      }
 175          
 176          
 177          void TimeSet()
 178          {
C51 COMPILER V9.54   MAIN                                                                  07/04/2023 12:50:34 PAGE 4   

 179   1              LCD_ShowString(1, currentTime.date);
 180   1              LCD_ShowString(2, currentTime.times);
 181   1              LCD_ShowString(4, "3add 4diff");
 182   1          switch (TimeSetSelect) {
 183   2              case 0:
 184   2                  LCD_ShowString(3, "修改秒");
 185   2                  break;
 186   2              case 1:
 187   2                  LCD_ShowString(3, "修改分");
 188   2                  break;
 189   2              case 2:
 190   2                  LCD_ShowString(3, "修改时");
 191   2                  break;
 192   2              case 3:
 193   2                  LCD_ShowString(3, "修改日");
 194   2                  break;
 195   2              case 4:
 196   2                  LCD_ShowString(3, "修改月");
 197   2                  break;
 198   2              case 5:
 199   2                  LCD_ShowString(3, "修改年");
 200   2                  break;
 201   2              case 6:
 202   2                  LCD_ShowString(3, "key3->AMPMchange");
 203   2                  break;
 204   2          }
 205   1              if (keyNum == 2)
 206   1              {
 207   2                      TimeSetSelect++;
 208   2                      TimeSetSelect %= 7;
 209   2              }
 210   1              else if(keyNum==3 || keyNum==4) //按键3和4用来确认或者加减
 211   1              {
 212   2                      if(TimeSetSelect==0)
 213   2                      {
 214   3                              if(keyNum==3){timedata[0]++;}
 215   3                              if(keyNum==4){timedata[0]--;}
 216   3                              if(timedata[0]<0)
 217   3                                      timedata[0]=59;
 218   3                              else if(timedata[0]>59)
 219   3                                      timedata[0]=0;
 220   3                              currentTime.sec = timedata[0];
 221   3                              TimeToChar(&currentTime,pmFlag);
 222   3                              LCD_ShowString(2, currentTime.times);
 223   3                      }
 224   2                      if(TimeSetSelect==1)
 225   2                      {
 226   3                              if(keyNum==3){timedata[1]++;}
 227   3                              if(keyNum==4){timedata[1]--;}
 228   3                              if(timedata[1] < 0)
 229   3                                      timedata[1]=59;
 230   3                              else if(timedata[1]>59)
 231   3                                      timedata[1]=0;
 232   3                              currentTime.min = timedata[1];
 233   3                              TimeToChar(&currentTime,pmFlag);
 234   3                              LCD_ShowString(2, currentTime.times);
 235   3                      }
 236   2                      if(TimeSetSelect==2)
 237   2                      {
 238   3                              if(keyNum==3){timedata[2]++;}
 239   3                              if(keyNum==4){timedata[2]--;}
 240   3                              if(timedata[2] < 0)
C51 COMPILER V9.54   MAIN                                                                  07/04/2023 12:50:34 PAGE 5   

 241   3                                      timedata[2]=23;
 242   3                              else if(timedata[2] > 23)
 243   3                                      timedata[2]=0;
 244   3                              currentTime.hour = timedata[2];
 245   3                              TimeToChar(&currentTime,pmFlag);
 246   3                              LCD_ShowString(2, currentTime.times);
 247   3                      }
 248   2                      
 249   2                      if(TimeSetSelect==3)
 250   2                      {
 251   3                              if(keyNum==3){timedata[3]++;}
 252   3                              if(keyNum==4){timedata[3]--;}
 253   3                              if(timedata[3] <= 0){timedata[3]=31;}
 254   3                              else if(timedata[3] > 31)
 255   3                                      timedata[3]=1;
 256   3                              currentTime.day = timedata[3];
 257   3                              TimeToChar(&currentTime,pmFlag);
 258   3                              LCD_ShowString(1, currentTime.date);
 259   3                      }
 260   2                      
 261   2                      if(TimeSetSelect==4)
 262   2                      {
 263   3                              if(keyNum==3){timedata[4]++;}
 264   3                              if(keyNum==4){timedata[4]--;}
 265   3                              if(timedata[4]<= 0)
 266   3                                      timedata[4]=12;
 267   3                              else if(timedata[4]>12)
 268   3                                      timedata[4]=1;
 269   3                              currentTime.mon = timedata[4];
 270   3                              TimeToChar(&currentTime,pmFlag);
 271   3                              LCD_ShowString(1, currentTime.date);
 272   3                      }       
 273   2                      if(TimeSetSelect==5)
 274   2                      {
 275   3                              if(keyNum==3){timedata[6]++;}
 276   3                              if(keyNum==4){timedata[6]--;}
 277   3                              if(timedata[6]<=0)
 278   3                                      timedata[6]=99;
 279   3                              else if(timedata[6]>99)
 280   3                                      timedata[6]=1;
 281   3                              currentTime.year = timedata[6];
 282   3                              TimeToChar(&currentTime,pmFlag);
 283   3                              LCD_ShowString(1, currentTime.date);
 284   3                      }               
 285   2                      if (TimeSetSelect == 6)
 286   2                      {
 287   3                              if (pmFlag == 0)
 288   3                              {
 289   4                                      pmFlag = 1;
 290   4                              }
 291   3                              else if (pmFlag == 1)
 292   3                              {
 293   4                                      pmFlag = 0;
 294   4                              }
 295   3                      }
 296   2              }
 297   1              set_time(timedata);
 298   1      }
 299          
 300          //设置闹钟模式
 301          void ClockMode()
 302          {
C51 COMPILER V9.54   MAIN                                                                  07/04/2023 12:50:34 PAGE 6   

 303   1              LCD_ShowString(1,"闹钟模式");
 304   1              LCD_ShowNum(3, 1, clockTime.hour, 2);
 305   1              LCD_ShowChar(3, 2,":");
 306   1              LCD_ShowNum(3,3, clockTime.min, 2);
 307   1              if(selectSong == 1)
 308   1              {
 309   2                      LCD_ShowString(4,"音乐：杰尼龟");
 310   2              }
 311   1              else if(selectSong == 2)
 312   1              {
 313   2                      LCD_ShowString(4,"音乐：记念");
 314   2              }
 315   1              else if(selectSong == 3)
 316   1              {
 317   2                      LCD_ShowString(4,"音乐：我记得");
 318   2              }
 319   1              else if(selectSong == 4)
 320   1              {
 321   2                      LCD_ShowString(4,"音乐：水星记");
 322   2              }
 323   1              else if(selectSong == 5)
 324   1              {
 325   2                      LCD_ShowString(4,"音乐：Cruel");
 326   2              }
 327   1              
 328   1              if(clockFlag == 0)
 329   1              {
 330   2                      LCD_ShowString(2,"状态：关");
 331   2              }
 332   1              else if (clockFlag == 1)
 333   1              {
 334   2                      LCD_ShowString(2,"状态：开");
 335   2              }
 336   1              
 337   1              if(keyNum == 2)
 338   1              {
 339   2                      ClockTimeSetSelect++;
 340   2                      ClockTimeSetSelect %= 3;
 341   2              }
 342   1              
 343   1              else if(keyNum == 3 || keyNum == 4)
 344   1              {
 345   2                      if(ClockTimeSetSelect == 0)
 346   2                      {
 347   3                              if(keyNum == 3)
 348   3                              {
 349   4                                      clockTime.min++;
 350   4                              }
 351   3                              else if (keyNum == 4)
 352   3                              {
 353   4                                      clockTime.min--;
 354   4                              }
 355   3                              if(clockTime.min<0){clockTime.min = 59;}
 356   3                              else if(clockTime.min>59){clockTime.min = 0;}
 357   3                              LCD_ShowNum(3,3, clockTime.min, 2);
 358   3                      }
 359   2                      else if(ClockTimeSetSelect == 1)
 360   2                      {
 361   3                              if(keyNum == 3)
 362   3                              {
 363   4                                      clockTime.hour++;
 364   4                              }
C51 COMPILER V9.54   MAIN                                                                  07/04/2023 12:50:34 PAGE 7   

 365   3                              else if (keyNum == 4)
 366   3                              {
 367   4                                      clockTime.hour--;
 368   4                              }
 369   3                              if(clockTime.hour<0){clockTime.hour = 23;}
 370   3                              else if(clockTime.hour>23){clockTime.hour = 0;}
 371   3                              LCD_ShowNum(3, 1, clockTime.hour, 2);
 372   3                      }
 373   2                      else if(ClockTimeSetSelect == 2)
 374   2                      {
 375   3                              if(clockFlag == 0)
 376   3                                      clockFlag = 1;
 377   3                              else if(clockFlag == 1)
 378   3                                      clockFlag = 0;
 379   3                              if(clockFlag == 0)
 380   3                              {
 381   4                                      LCD_ShowString(2,"状态：关");
 382   4                              }
 383   3                              else if (clockFlag == 1)
 384   3                              {
 385   4                                      LCD_ShowString(2,"状态：开");
 386   4                              }                       
 387   3                      }
 388   2              }
 389   1      }
 390          
 391          //选择音乐模式
 392          void MusicMode()
 393          {
 394   1              uchar musicKey;
 395   1              while(1)
 396   1              {
 397   2                      musicKey = key_scan();
 398   2                      LCD_ShowString(1,"请选择音乐");
 399   2                      if (musicFlag == 1)
 400   2                      {
 401   3                              LCD_ShowString(2,"1.杰尼龟     <-");
 402   3                              LCD_ShowString(3,"2.记念         ");
 403   3                              LCD_ShowString(4,"3.我记得       ");                            
 404   3                      }
 405   2                      else if (musicFlag == 2)
 406   2                      {
 407   3                              LCD_ShowString(2,"1.杰尼龟       ");
 408   3                              LCD_ShowString(3,"2.记念       <-");
 409   3                              LCD_ShowString(4,"3.我记得       ");                    
 410   3                      }
 411   2                      else if (musicFlag == 3)
 412   2                      {
 413   3                              LCD_ShowString(2,"1.杰尼龟       ");
 414   3                              LCD_ShowString(3,"2.记念         ");
 415   3                              LCD_ShowString(4,"3.我记得     <-");                    
 416   3                      }
 417   2                      else if (musicFlag == 4)
 418   2                      {
 419   3                              LCD_ShowString(2,"2.记念         ");
 420   3                              LCD_ShowString(3,"3.我记得       ");
 421   3                              LCD_ShowString(4,"4.水星记     <-");                    
 422   3                      }
 423   2                      else if (musicFlag == 5)
 424   2                      {
 425   3                              LCD_ShowString(2,"3.我记得       ");
 426   3                              LCD_ShowString(3,"4.水星记       ");
C51 COMPILER V9.54   MAIN                                                                  07/04/2023 12:50:34 PAGE 8   

 427   3                              LCD_ShowString(4,"5.Cruel           <-");                       
 428   3                      }
 429   2                      
 430   2                      if(musicKey == 2)
 431   2                      {
 432   3                              musicFlag++;
 433   3                              if(musicFlag>5) {musicFlag=1;}
 434   3                      }
 435   2                      else if(musicKey == 3)
 436   2                      {
 437   3                              selectSong = musicFlag;
 438   3                              menuFlag = 4;
 439   3                              LCD_ClearScreen();
 440   3                              break;
 441   3                      }
 442   2                      else if(musicKey == 1)
 443   2                      {
 444   3                              LCD_ClearScreen();
 445   3                              Menu();
 446   3                              break;
 447   3                      }
 448   2              }
 449   1      }
 450          
 451          //报警模式进行闹钟声光报警
 452          void AlarmMode()
 453          {
 454   1              uchar alarmkeyNum;
 455   1              SendData(0x0a);
 456   1              SendData(selectSong);
 457   1              SendData(0x0b);
 458   1              while(1)
 459   1              {
 460   2                      alarmkeyNum = key_scan();
 461   2                      LCD_ShowString(1,"闹钟到了");
 462   2                      LCD_ShowString(2,"闹钟到了");
 463   2                      LCD_ShowString(3,"闹钟到了");
 464   2                      LCD_ShowString(4,"任意键取消");
 465   2                      if(alarmkeyNum != 0)
 466   2                      {
 467   3                              SendData(0x13);
 468   3                              LCD_ClearScreen();
 469   3                              clockFlag = 0;
 470   3                              break;
 471   3                      }       
 472   2              }
 473   1      
 474   1      }
 475          
 476          void Menu()
 477          {
 478   1              uchar KeyNum1;
 479   1              while(1)
 480   1              {
 481   2                      KeyNum1 = key_scan();
 482   2                      if(KeyNum1 == 2)
 483   2                      {
 484   3                              menuFlag++;
 485   3                              if(menuFlag==7) {menuFlag = 1;}
 486   3                      }
 487   2                      else if(KeyNum1 == 3)
 488   2                      {
C51 COMPILER V9.54   MAIN                                                                  07/04/2023 12:50:34 PAGE 9   

 489   3                              LCD_ClearScreen();
 490   3                              break;
 491   3                      }
 492   2                      else if(KeyNum1 == 4)
 493   2                      {
 494   3                              menuFlag = 2;
 495   3                              LCD_ClearScreen();
 496   3                              break;
 497   3                      }               
 498   2                      if(menuFlag==1)
 499   2                      {
 500   3                              LCD_ShowString(1, "S2选S3进S4退");
 501   3                              LCD_ShowString(2, "1.主页面         ");
 502   3                              LCD_ShowString(3, "2.时间修改       ");
 503   3                              LCD_ShowString(4, "3.设置闹钟       ");
 504   3                      }
 505   2                      else if (menuFlag == 2)
 506   2                      {
 507   3                              LCD_ShowString(1, "S2选S3进S4退");
 508   3                              LCD_ShowString(2, "1.主页面      <-");
 509   3                              LCD_ShowString(3, "2.时间修改      ");
 510   3                              LCD_ShowString(4, "3.设置闹钟       ");
 511   3                      }
 512   2                      else if (menuFlag == 3)
 513   2                      {
 514   3                              LCD_ShowString(1, "S2选S3进S4退");
 515   3                              LCD_ShowString(2, "1.主页面        ");
 516   3                              LCD_ShowString(3, "2.时间修改    <-");
 517   3                              LCD_ShowString(4, "3.设置闹钟      ");
 518   3                      }
 519   2                      else if (menuFlag == 4)
 520   2                      {
 521   3                              LCD_ShowString(1, "S2选S3进S4退");
 522   3                              LCD_ShowString(2, "1.主页面        ");
 523   3                              LCD_ShowString(3, "2.时间修改      ");
 524   3                              LCD_ShowString(4, "3.设置闹钟    <-");
 525   3                      }
 526   2                      else if (menuFlag == 5)
 527   2                      {
 528   3                              LCD_ShowString(1, "1.主页面       ");
 529   3                              LCD_ShowString(2, "2.时间修改      ");
 530   3                              LCD_ShowString(3, "3.设置闹钟      ");
 531   3                              LCD_ShowString(4, "4.天气模式    <-");
 532   3                      }
 533   2                      else if (menuFlag == 6)
 534   2                      {
 535   3                              LCD_ShowString(1, "2.时间修改      ");
 536   3                              LCD_ShowString(2, "3.设置闹钟      ");
 537   3                              LCD_ShowString(3, "4.天气模式      ");
 538   3                              LCD_ShowString(4, "5.音乐选择    <-");
 539   3                      }
 540   2              }
 541   1      }
 542          
 543          void WeatherMode()
 544          {
 545   1              LCD_ShowString(1,"在线获取天气");
 546   1              LCD_ShowString(4,"崇新学堂倾力打造");
 547   1              if(weatherFlag==27)
 548   1              {
 549   2                      LCD_ShowString(2,"晴天");
 550   2                      LCD_ShowString(3,"适合吹空调");
C51 COMPILER V9.54   MAIN                                                                  07/04/2023 12:50:34 PAGE 10  

 551   2              }
 552   1              else if(weatherFlag==28)
 553   1              {
 554   2                      LCD_ShowString(2,"多云");
 555   2                      LCD_ShowString(3,"适合户外运动");
 556   2              }
 557   1              else if(weatherFlag==29)
 558   1              {
 559   2                      LCD_ShowString(2,"少云");
 560   2              }
 561   1              else if(weatherFlag==30)
 562   1              {
 563   2                      LCD_ShowString(2,"晴间多云");
 564   2              }
 565   1              else if(weatherFlag==31)
 566   1              {
 567   2                      LCD_ShowString(2,"阴天");
 568   2                      LCD_ShowString(3,"适合呆宿舍");
 569   2              }
 570   1              else if(weatherFlag==36)
 571   1              {
 572   2                      LCD_ShowString(2,"小雨天");
 573   2                      LCD_ShowString(3,"呼吸新鲜空气");
 574   2              }
 575   1              else if(weatherFlag==37)
 576   1              {
 577   2                      LCD_ShowString(2,"中雨天");
 578   2                      LCD_ShowString(3,"适合点外卖");
 579   2              }
 580   1              else if(weatherFlag==38)
 581   1              {
 582   2                      LCD_ShowString(2,"暴雨天");
 583   2                      LCD_ShowString(3,"适合睡觉  ");
 584   2              }
 585   1      }
 586          
 587          
 588          
 589          void UsartInit()
 590          {
 591   1              SCON=0X50;                      //设置为工作方式1
 592   1              TMOD=0X20;                      //设置计数器工作方式2
 593   1              PCON=0X00;                      //波特率加倍
 594   1              TH1=0XFD;                               //计数器初始值设置，注意波特率是4800的
 595   1              TL1=0XFD;
 596   1              ES=1;                                           //打开接收中断
 597   1              EA=1;                                           //打开总中断
 598   1              TR1=1;                                  //打开计数器
 599   1      }
 600          
 601          
 602          void ser_int (void) interrupt 4   
 603          {        
 604   1          if(RI == 1) {  //如果收到.  
 605   2            RI = 0;      //清除标志.  
 606   2            UART_buff = SBUF;  //接收.
 607   2              if(UART_buff >= 27) 
 608   2              {               
 609   3                      weatherFlag = UART_buff;
 610   3              }
 611   2              if(UART_buff==1)
 612   2               {      
C51 COMPILER V9.54   MAIN                                                                  07/04/2023 12:50:34 PAGE 11  

 613   3                       if(pmFlag==1)
 614   3                              pmFlag=0;
 615   3                       else
 616   3                              pmFlag=1;
 617   3               }      
 618   2              else if(UART_buff==2) 
 619   2              {
 620   3                       if(clockFlag==1)
 621   3                              clockFlag=0;
 622   3                       else
 623   3                              clockFlag=1;
 624   3              }
 625   2              else if(UART_buff==3) 
 626   2              {
 627   3                       timedata[2]++;
 628   3              }
 629   2              else if(UART_buff==4) 
 630   2              {
 631   3                       timedata[2]--;
 632   3              }
 633   2              else if(UART_buff==5) 
 634   2              {
 635   3                       timedata[1]++;
 636   3              }
 637   2              else if(UART_buff==6) 
 638   2              {
 639   3                       timedata[1]--;
 640   3              }
 641   2              else if(UART_buff==7) 
 642   2              {
 643   3                       timedata[0]++;
 644   3              }
 645   2              else if(UART_buff==8) 
 646   2              {
 647   3                       timedata[0]--;
 648   3              }
 649   2              else if(UART_buff==9) 
 650   2              {
 651   3                       timedata[6]++;
 652   3              }
 653   2              else if(UART_buff==10) 
 654   2              {
 655   3                       timedata[6]--;
 656   3              }
 657   2              else if(UART_buff==11) 
 658   2              {
 659   3                       timedata[4]++;
 660   3              }
 661   2              else if(UART_buff==12) 
 662   2              {
 663   3                       timedata[4]--;
 664   3              }
 665   2              else if(UART_buff==13) 
 666   2              {
 667   3                       timedata[3]++;
 668   3              }
 669   2              else if(UART_buff==14) 
 670   2              {
 671   3                       timedata[3]--;
 672   3                       if(timedata[3] <= 0){timedata[3]=31;}
 673   3              }
 674   2              else if(UART_buff==15) 
C51 COMPILER V9.54   MAIN                                                                  07/04/2023 12:50:34 PAGE 12  

 675   2              {               
 676   3                       if(datachangeFlag==1)
 677   3                              datachangeFlag=0;
 678   3                       else
 679   3                              datachangeFlag=1;               
 680   3              }
 681   2              else if(UART_buff==16) 
 682   2              {               
 683   3                      selectSong = 1;//杰尼龟
 684   3              }
 685   2              else if(UART_buff==17) 
 686   2              {               
 687   3                      selectSong = 2;//记念
 688   3              }
 689   2              else if(UART_buff==18) 
 690   2              {
 691   3                      clockTime.hour++;
 692   3              }
 693   2              else if(UART_buff==19) 
 694   2              {               
 695   3                      clockTime.hour--;
 696   3              }
 697   2              else if(UART_buff==20) 
 698   2              {               
 699   3                      clockTime.min++;
 700   3              }
 701   2              else if(UART_buff==21) 
 702   2              {               
 703   3                      clockTime.min--;
 704   3              }
 705   2              else if(UART_buff==22) 
 706   2              {               
 707   3                      selectSong = 3;//我记得
 708   3              }
 709   2              else if(UART_buff==23) 
 710   2              {               
 711   3                      selectSong = 4;//水星记
 712   3              }
 713   2              else if(UART_buff==24) 
 714   2              {               
 715   3                      selectSong = 5;//Cruel
 716   3              }
 717   2              else if(UART_buff==25) 
 718   2              {               
 719   3                      SendData(0x0a);
 720   3                      SendData(selectSong);
 721   3                      SendData(0x0b);
 722   3              }
 723   2              else if(UART_buff==26) 
 724   2              {               
 725   3                      SendData(0x13);
 726   3              }       
 727   2              } 
 728   1              
 729   1        
 730   1      }
 731          void main()
 732          {
 733   1              Lcd_Init();
 734   1              UsartInit();
 735   1              Ds1302Init();
 736   1              TemHum((uchar *)&dht);
C51 COMPILER V9.54   MAIN                                                                  07/04/2023 12:50:34 PAGE 13  

 737   1      
 738   1              while (1)
 739   1              {
 740   2      
 741   2                      keyNum = key_scan();
 742   2                      if (keyNum == 1)
 743   2                      {
 744   3                              Menu();
 745   3                              if (mainFlag == 1) {mainFlag=0;}
 746   3                      }
 747   2                      if (mainFlag == 1)
 748   2                      {
 749   3                              if(datachangeFlag==0){TimeShow();}
 750   3                              else if(datachangeFlag==1){blueTimeChange();}
 751   3                      }       
 752   2                      
 753   2                      switch (menuFlag)
 754   2                      {
 755   3                      case 2:
 756   3                              if(datachangeFlag==0){TimeShow();}
 757   3                              else if(datachangeFlag==1){blueTimeChange();}
 758   3                              break;
 759   3                      case 3:
 760   3                              TimeSet();
 761   3                              break;
 762   3                      case 4:
 763   3                              ClockMode();
 764   3                              break;
 765   3                      case 5:
 766   3                              WeatherMode();
 767   3                              break;
 768   3                      case 6:
 769   3                              MusicMode();
 770   3                              break;
 771   3                      }
 772   2              }
 773   1      }
 774          
 775          


MODULE INFORMATION:   STATIC OVERLAYABLE
   CODE SIZE        =   3086    ----
   CONSTANT SIZE    =    781    ----
   XDATA SIZE       =   ----    ----
   PDATA SIZE       =   ----    ----
   DATA SIZE        =     52      27
   IDATA SIZE       =   ----    ----
   BIT SIZE         =   ----    ----
END OF MODULE INFORMATION.


C51 COMPILATION COMPLETE.  0 WARNING(S),  0 ERROR(S)
